This is XeTeX, Version 3.141592653-2.6-0.999997 (TeX Live 2025) (preloaded format=xelatex 2025.7.2)  4 JUL 2025 23:25
entering extended mode
 restricted \write18 enabled.
 %&-line parsing enabled.
**02_exploratory_data_analysis.tex
(./02_exploratory_data_analysis.tex
LaTeX2e <2025-06-01> patch level 1
L3 programming layer <2025-06-09>
(c:/Users/brdia/AppData/Roaming/TinyTeX/texmf-dist/tex/latex/tufte-latex/tufte-handout.cls
Document Class: tufte-handout 2015/06/21 v3.5.2 Tufte-handout class
(c:/Users/brdia/AppData/Roaming/TinyTeX/texmf-dist/tex/latex/tufte-latex/tufte-common.def
File: tufte-common.def 2015/06/21 v3.5.2 Common code for the Tufte-LaTeX styles
(c:/Users/brdia/AppData/Roaming/TinyTeX/texmf-dist/tex/latex/xkeyval/xkeyval.sty
Package: xkeyval 2022/06/16 v2.9 package option processing (HA)
(c:/Users/brdia/AppData/Roaming/TinyTeX/texmf-dist/tex/generic/xkeyval/xkeyval.tex (c:/Users/brdia/AppData/Roaming/TinyTeX/texmf-dist/tex/generic/xkeyval/xkvutils.tex
\XKV@toks=\toks17
\XKV@tempa@toks=\toks18
(c:/Users/brdia/AppData/Roaming/TinyTeX/texmf-dist/tex/generic/xkeyval/keyval.tex))
\XKV@depth=\count271
File: xkeyval.tex 2014/12/03 v2.7a key=value parser (HA)
)) (c:/Users/brdia/AppData/Roaming/TinyTeX/texmf-dist/tex/latex/xifthen/xifthen.sty
Package: xifthen 2015/11/05 v1.4.0 Extended ifthen features
(c:/Users/brdia/AppData/Roaming/TinyTeX/texmf-dist/tex/latex/tools/calc.sty
Package: calc 2025/03/01 v4.3b Infix arithmetic (KKT,FJ)
\calc@Acount=\count272
\calc@Bcount=\count273
\calc@Adimen=\dimen148
\calc@Bdimen=\dimen149
\calc@Askip=\skip49
\calc@Bskip=\skip50
LaTeX Info: Redefining \setlength on input line 86.
LaTeX Info: Redefining \addtolength on input line 87.
\calc@Ccount=\count274
\calc@Cskip=\skip51
) (c:/Users/brdia/AppData/Roaming/TinyTeX/texmf-dist/tex/latex/base/ifthen.sty
Package: ifthen 2024/03/16 v1.1e Standard LaTeX ifthen package (DPC)
) (c:/Users/brdia/AppData/Roaming/TinyTeX/texmf-dist/tex/latex/ifmtarg/ifmtarg.sty
Package: ifmtarg 2018/04/16 v1.2b check for an empty argument
)) (c:/Users/brdia/AppData/Roaming/TinyTeX/texmf-dist/tex/latex/hardwrap/hardwrap.sty
Package: hardwrap 2011/02/12 v0.2 Hard wrap messages
(c:/Users/brdia/AppData/Roaming/TinyTeX/texmf-dist/tex/generic/pdftexcmds/pdftexcmds.sty
Package: pdftexcmds 2020-06-27 v0.33 Utility functions of pdfTeX for LuaTeX (HO)
(c:/Users/brdia/AppData/Roaming/TinyTeX/texmf-dist/tex/generic/infwarerr/infwarerr.sty
Package: infwarerr 2019/12/03 v1.5 Providing info/warning/error messages (HO)
) (c:/Users/brdia/AppData/Roaming/TinyTeX/texmf-dist/tex/generic/iftex/iftex.sty
Package: iftex 2024/12/12 v1.0g TeX engine tests
) (c:/Users/brdia/AppData/Roaming/TinyTeX/texmf-dist/tex/generic/ltxcmds/ltxcmds.sty
Package: ltxcmds 2023-12-04 v1.26 LaTeX kernel commands for general use (HO)
)
Package pdftexcmds Info: \pdf@primitive is available.
Package pdftexcmds Info: \pdf@ifprimitive is available.
Package pdftexcmds Info: \pdfdraftmode not found.
) (c:/Users/brdia/AppData/Roaming/TinyTeX/texmf-dist/tex/generic/iftex/ifxetex.sty
Package: ifxetex 2019/10/25 v0.7 ifxetex legacy package. Use iftex instead.
)
\hw@charcount=\count275
\hw@wordcount=\count276
\hw@maxprintline=\count277
)
Class tufte-handout Info: Loading the base class `article'
(c:/Users/brdia/AppData/Roaming/TinyTeX/texmf-dist/tex/latex/base/article.cls
Document Class: article 2025/01/22 v1.4n Standard LaTeX document class
(c:/Users/brdia/AppData/Roaming/TinyTeX/texmf-dist/tex/latex/base/size10.clo
File: size10.clo 2025/01/22 v1.4n Standard LaTeX file (size option)
)
\c@part=\count278
\c@section=\count279
\c@subsection=\count280
\c@subsubsection=\count281
\c@paragraph=\count282
\c@subparagraph=\count283
\c@figure=\count284
\c@table=\count285
\abovecaptionskip=\skip52
\belowcaptionskip=\skip53
\bibindent=\dimen150
) (c:/Users/brdia/AppData/Roaming/TinyTeX/texmf-dist/tex/generic/iftex/ifpdf.sty
Package: ifpdf 2019/10/25 v3.4 ifpdf legacy package. Use iftex instead.
) (c:/Users/brdia/AppData/Roaming/TinyTeX/texmf-dist/tex/xelatex/xltxtra/xltxtra.sty
Package: xltxtra 2018/12/31 v0.7 Improvements for the "XeLaTeX" format
(c:/Users/brdia/AppData/Roaming/TinyTeX/texmf-dist/tex/generic/iftex/ifluatex.sty
Package: ifluatex 2019/10/25 v1.5 ifluatex legacy package. Use iftex instead.
) (c:/Users/brdia/AppData/Roaming/TinyTeX/texmf-dist/tex/latex/fontspec/fontspec.sty (c:/Users/brdia/AppData/Roaming/TinyTeX/texmf-dist/tex/latex/l3packages/xparse/xparse.sty (c:/Users/brdia/AppData/Roaming/TinyTeX/texmf-dist/tex/latex/l3kernel/expl3.sty
Package: expl3 2025-06-09 L3 programming layer (loader) 
(c:/Users/brdia/AppData/Roaming/TinyTeX/texmf-dist/tex/latex/l3backend/l3backend-xetex.def
File: l3backend-xetex.def 2025-06-09 L3 backend support: XeTeX
\g__graphics_track_int=\count286
\g__pdfannot_backend_int=\count287
\g__pdfannot_backend_link_int=\count288
))
Package: xparse 2024-08-16 L3 Experimental document command parser
)
Package: fontspec 2024/05/11 v2.9e Font selection for XeLaTeX and LuaLaTeX
(c:/Users/brdia/AppData/Roaming/TinyTeX/texmf-dist/tex/latex/fontspec/fontspec-xetex.sty
Package: fontspec-xetex 2024/05/11 v2.9e Font selection for XeLaTeX and LuaLaTeX
\l__fontspec_script_int=\count289
\l__fontspec_language_int=\count290
\l__fontspec_strnum_int=\count291
\l__fontspec_tmp_int=\count292
\l__fontspec_tmpa_int=\count293
\l__fontspec_tmpb_int=\count294
\l__fontspec_tmpc_int=\count295
\l__fontspec_em_int=\count296
\l__fontspec_emdef_int=\count297
\l__fontspec_strong_int=\count298
\l__fontspec_strongdef_int=\count299
\l__fontspec_tmpa_dim=\dimen151
\l__fontspec_tmpb_dim=\dimen152
\l__fontspec_tmpc_dim=\dimen153
(c:/Users/brdia/AppData/Roaming/TinyTeX/texmf-dist/tex/latex/base/fontenc.sty
Package: fontenc 2024/12/21 v2.1c Standard LaTeX package
) (c:/Users/brdia/AppData/Roaming/TinyTeX/texmf-dist/tex/latex/fontspec/fontspec.cfg))) (c:/Users/brdia/AppData/Roaming/TinyTeX/texmf-dist/tex/latex/realscripts/realscripts.sty
Package: realscripts 2016/02/13 v0.3d Access OpenType subscripts and superscripts
\subsupersep=\dimen154
) (c:/Users/brdia/AppData/Roaming/TinyTeX/texmf-dist/tex/latex/metalogo/metalogo.sty
Package: metalogo 2010/05/29 v0.12 Extended TeX logo macros
(c:/Users/brdia/AppData/Roaming/TinyTeX/texmf-dist/tex/latex/graphics/graphicx.sty
Package: graphicx 2024/12/31 v1.2e Enhanced LaTeX Graphics (DPC,SPQR)
(c:/Users/brdia/AppData/Roaming/TinyTeX/texmf-dist/tex/latex/graphics/graphics.sty
Package: graphics 2024/08/06 v1.4g Standard LaTeX Graphics (DPC,SPQR)
(c:/Users/brdia/AppData/Roaming/TinyTeX/texmf-dist/tex/latex/graphics/trig.sty
Package: trig 2023/12/02 v1.11 sin cos tan (DPC)
) (c:/Users/brdia/AppData/Roaming/TinyTeX/texmf-dist/tex/latex/graphics-cfg/graphics.cfg
File: graphics.cfg 2016/06/04 v1.11 sample graphics configuration
)
Package graphics Info: Driver file: xetex.def on input line 106.
(c:/Users/brdia/AppData/Roaming/TinyTeX/texmf-dist/tex/latex/graphics-def/xetex.def
File: xetex.def 2022/09/22 v5.0n Graphics/color driver for xetex
))
\Gin@req@height=\dimen155
\Gin@req@width=\dimen156
)
\xl@everylogo=\toks19
\xl@@everylogo=\toks20
LaTeX Info: Redefining \TeX on input line 193.
LaTeX Info: Redefining \LaTeX on input line 202.
LaTeX Info: Redefining \LaTeXe on input line 219.
)
\l__xetex_show_hyphens_wrapping_box=\box53
\l__xetex_show_hyphens_temp_box=\box54
\l__xetex_show_hyphens_final_box=\box55
\g__xetex_show_hyphens_word_box=\box56
) (c:/Users/brdia/AppData/Roaming/TinyTeX/texmf-dist/tex/latex/titlesec/titlesec.sty
Package: titlesec 2025/01/04 v2.17 Sectioning titles
\ttl@box=\box57
\beforetitleunit=\skip54
\aftertitleunit=\skip55
\ttl@plus=\dimen157
\ttl@minus=\dimen158
\ttl@toksa=\toks21
\titlewidth=\dimen159
\titlewidthlast=\dimen160
\titlewidthfirst=\dimen161
) (c:/Users/brdia/AppData/Roaming/TinyTeX/texmf-dist/tex/latex/titlesec/titletoc.sty
Package: titletoc 2025/01/04 v2.17 TOC entries
\ttl@leftsep=\dimen162
) (c:/Users/brdia/AppData/Roaming/TinyTeX/texmf-dist/tex/latex/hyperref/hyperref.sty
Package: hyperref 2025-06-21 v7.01n Hypertext links for LaTeX
(c:/Users/brdia/AppData/Roaming/TinyTeX/texmf-dist/tex/latex/kvsetkeys/kvsetkeys.sty
Package: kvsetkeys 2022-10-05 v1.19 Key value parser (HO)
) (c:/Users/brdia/AppData/Roaming/TinyTeX/texmf-dist/tex/generic/kvdefinekeys/kvdefinekeys.sty
Package: kvdefinekeys 2019-12-19 v1.6 Define keys (HO)
) (c:/Users/brdia/AppData/Roaming/TinyTeX/texmf-dist/tex/generic/pdfescape/pdfescape.sty
Package: pdfescape 2019/12/09 v1.15 Implements pdfTeX's escape features (HO)
) (c:/Users/brdia/AppData/Roaming/TinyTeX/texmf-dist/tex/latex/hycolor/hycolor.sty
Package: hycolor 2020-01-27 v1.10 Color options for hyperref/bookmark (HO)
) (c:/Users/brdia/AppData/Roaming/TinyTeX/texmf-dist/tex/latex/hyperref/nameref.sty
Package: nameref 2025-06-21 v2.57 Cross-referencing by name of section
(c:/Users/brdia/AppData/Roaming/TinyTeX/texmf-dist/tex/latex/refcount/refcount.sty
Package: refcount 2019/12/15 v3.6 Data extraction from label references (HO)
) (c:/Users/brdia/AppData/Roaming/TinyTeX/texmf-dist/tex/generic/gettitlestring/gettitlestring.sty
Package: gettitlestring 2019/12/15 v1.6 Cleanup title references (HO)
(c:/Users/brdia/AppData/Roaming/TinyTeX/texmf-dist/tex/latex/kvoptions/kvoptions.sty
Package: kvoptions 2022-06-15 v3.15 Key value format for package options (HO)
))
\c@section@level=\count300
) (c:/Users/brdia/AppData/Roaming/TinyTeX/texmf-dist/tex/latex/etoolbox/etoolbox.sty
Package: etoolbox 2025/02/11 v2.5l e-TeX tools for LaTeX (JAW)
\etb@tempcnta=\count301
) (c:/Users/brdia/AppData/Roaming/TinyTeX/texmf-dist/tex/generic/stringenc/stringenc.sty
Package: stringenc 2019/11/29 v1.12 Convert strings between diff. encodings (HO)
)
\@linkdim=\dimen163
\Hy@linkcounter=\count302
\Hy@pagecounter=\count303
(c:/Users/brdia/AppData/Roaming/TinyTeX/texmf-dist/tex/latex/hyperref/pd1enc.def
File: pd1enc.def 2025-06-21 v7.01n Hyperref: PDFDocEncoding definition (HO)
) (c:/Users/brdia/AppData/Roaming/TinyTeX/texmf-dist/tex/generic/intcalc/intcalc.sty
Package: intcalc 2019/12/15 v1.3 Expandable calculations with integers (HO)
)
\Hy@SavedSpaceFactor=\count304
(c:/Users/brdia/AppData/Roaming/TinyTeX/texmf-dist/tex/latex/hyperref/puenc.def
File: puenc.def 2025-06-21 v7.01n Hyperref: PDF Unicode definition (HO)
)
Package hyperref Info: Option `unicode' set `true' on input line 4052.
Package hyperref Info: Option `hyperfootnotes' set `false' on input line 4052.
Package hyperref Info: Hyper figures OFF on input line 4181.
Package hyperref Info: Link nesting OFF on input line 4186.
Package hyperref Info: Hyper index ON on input line 4189.
Package hyperref Info: Plain pages OFF on input line 4196.
Package hyperref Info: Backreferencing OFF on input line 4201.
Package hyperref Info: Implicit mode ON; LaTeX internals redefined.
Package hyperref Info: Bookmarks ON on input line 4448.
\c@Hy@tempcnt=\count305
(c:/Users/brdia/AppData/Roaming/TinyTeX/texmf-dist/tex/latex/url/url.sty
\Urlmuskip=\muskip17
Package: url 2013/09/16  ver 3.4  Verb mode for urls, etc.
)
LaTeX Info: Redefining \url on input line 4787.
\XeTeXLinkMargin=\dimen164
(c:/Users/brdia/AppData/Roaming/TinyTeX/texmf-dist/tex/generic/bitset/bitset.sty
Package: bitset 2019/12/09 v1.3 Handle bit-vector datatype (HO)
(c:/Users/brdia/AppData/Roaming/TinyTeX/texmf-dist/tex/generic/bigintcalc/bigintcalc.sty
Package: bigintcalc 2019/12/15 v1.5 Expandable calculations on big integers (HO)
))
\Fld@menulength=\count306
\Field@Width=\dimen165
\Fld@charsize=\dimen166
Package hyperref Info: Hyper figures OFF on input line 6066.
Package hyperref Info: Link nesting OFF on input line 6071.
Package hyperref Info: Hyper index ON on input line 6074.
Package hyperref Info: backreferencing OFF on input line 6081.
Package hyperref Info: Link coloring OFF on input line 6086.
Package hyperref Info: Link coloring with OCG OFF on input line 6091.
Package hyperref Info: PDF/A mode OFF on input line 6096.
\Hy@abspage=\count307
\c@Item=\count308
)
Package hyperref Info: Driver: hxetex.
(c:/Users/brdia/AppData/Roaming/TinyTeX/texmf-dist/tex/latex/hyperref/hxetex.def
File: hxetex.def 2025-06-21 v7.01n Hyperref driver for XeTeX
\pdfm@box=\box58
\c@Hy@AnnotLevel=\count309
\HyField@AnnotCount=\count310
\Fld@listcount=\count311
\c@bookmark@seq@number=\count312
(c:/Users/brdia/AppData/Roaming/TinyTeX/texmf-dist/tex/latex/rerunfilecheck/rerunfilecheck.sty
Package: rerunfilecheck 2025-06-21 v1.11 Rerun checks for auxiliary files (HO)
(c:/Users/brdia/AppData/Roaming/TinyTeX/texmf-dist/tex/generic/uniquecounter/uniquecounter.sty
Package: uniquecounter 2019/12/15 v1.4 Provide unlimited unique counter (HO)
)
Package uniquecounter Info: New unique counter `rerunfilecheck' on input line 284.
)
\Hy@SectionHShift=\skip56
) (c:/Users/brdia/AppData/Roaming/TinyTeX/texmf-dist/tex/latex/ragged2e/ragged2e.sty
Package: ragged2e 2023/06/22 v3.6 ragged2e Package
\CenteringLeftskip=\skip57
\RaggedLeftLeftskip=\skip58
\RaggedRightLeftskip=\skip59
\CenteringRightskip=\skip60
\RaggedLeftRightskip=\skip61
\RaggedRightRightskip=\skip62
\CenteringParfillskip=\skip63
\RaggedLeftParfillskip=\skip64
\RaggedRightParfillskip=\skip65
\JustifyingParfillskip=\skip66
\CenteringParindent=\skip67
\RaggedLeftParindent=\skip68
\RaggedRightParindent=\skip69
\JustifyingParindent=\skip70
) (c:/Users/brdia/AppData/Roaming/TinyTeX/texmf-dist/tex/latex/geometry/geometry.sty
Package: geometry 2020/01/02 v5.9 Page Geometry
(c:/Users/brdia/AppData/Roaming/TinyTeX/texmf-dist/tex/generic/iftex/ifvtex.sty
Package: ifvtex 2019/10/25 v1.7 ifvtex legacy package. Use iftex instead.
)
\Gm@cnth=\count313
\Gm@cntv=\count314
\c@Gm@tempcnt=\count315
\Gm@bindingoffset=\dimen167
\Gm@wd@mp=\dimen168
\Gm@odd@mp=\dimen169
\Gm@even@mp=\dimen170
\Gm@layoutwidth=\dimen171
\Gm@layoutheight=\dimen172
\Gm@layouthoffset=\dimen173
\Gm@layoutvoffset=\dimen174
\Gm@dimlist=\toks22
) (c:/Users/brdia/AppData/Roaming/TinyTeX/texmf-dist/tex/latex/changepage/changepage.sty
Package: changepage 2009/10/20 v1.0c check page and change page layout
\c@cp@cntr=\count316
\cp@tempcnt=\count317
)
\@tufte@overhang=\skip71
\@tufte@fullwidth=\skip72
\@tufte@caption@fill=\skip73
(c:/Users/brdia/AppData/Roaming/TinyTeX/texmf-dist/tex/latex/paralist/paralist.sty
Package: paralist 2017/01/22 v2.7 Extended list environments
\pltopsep=\skip74
\plpartopsep=\skip75
\plitemsep=\skip76
\plparsep=\skip77
\pl@lab=\toks23
) (c:/Users/brdia/AppData/Roaming/TinyTeX/texmf-dist/tex/latex/textcase/textcase.sty
Package: textcase 2025/02/16 v1.05 Text only upper/lower case changing (DPC)
Package textcase Info: Defining Legacy names on input line 20.
)

Class tufte-handout Warning: Couldn't locate `soul' package

(c:/Users/brdia/AppData/Roaming/TinyTeX/texmf-dist/tex/latex/setspace/setspace.sty
Package: setspace 2022/12/04 v6.7b set line spacing
) (c:/Users/brdia/AppData/Roaming/TinyTeX/texmf-dist/tex/latex/xcolor/xcolor.sty
Package: xcolor 2024/09/29 v3.02 LaTeX color extensions (UK)
(c:/Users/brdia/AppData/Roaming/TinyTeX/texmf-dist/tex/latex/graphics-cfg/color.cfg
File: color.cfg 2016/01/02 v1.6 sample color configuration
)

Package xcolor Warning: Package option `usenames' is obsolete and ignored on input line 265.

Package xcolor Info: Driver file: xetex.def on input line 274.
(c:/Users/brdia/AppData/Roaming/TinyTeX/texmf-dist/tex/latex/graphics/mathcolor.ltx)
Package xcolor Info: Model `cmy' substituted by `cmy0' on input line 1349.
Package xcolor Info: Model `RGB' extended on input line 1365.
Package xcolor Info: Model `HTML' substituted by `rgb' on input line 1367.
Package xcolor Info: Model `Hsb' substituted by `hsb' on input line 1368.
Package xcolor Info: Model `tHsb' substituted by `hsb' on input line 1369.
Package xcolor Info: Model `HSB' substituted by `hsb' on input line 1370.
Package xcolor Info: Model `Gray' substituted by `gray' on input line 1371.
Package xcolor Info: Model `wave' substituted by `hsb' on input line 1372.
) (c:/Users/brdia/AppData/Roaming/TinyTeX/texmf-dist/tex/latex/graphics/dvipsnam.def
File: dvipsnam.def 2016/06/17 v3.0m Driver-dependent file (DPC,SPQR)
) (c:/Users/brdia/AppData/Roaming/TinyTeX/texmf-dist/tex/latex/xcolor/svgnam.def
File: svgnam.def 2024/09/29 v3.02 Predefined colors according to SVG 1.1 (UK)
) (c:/Users/brdia/AppData/Roaming/TinyTeX/texmf-dist/tex/latex/natbib/natbib.sty
Package: natbib 2010/09/13 8.31b (PWD, AO)
\bibhang=\skip78
\bibsep=\skip79
LaTeX Info: Redefining \cite on input line 694.
\c@NAT@ctr=\count318
) (c:/Users/brdia/AppData/Roaming/TinyTeX/texmf-dist/tex/latex/natbib/bibentry.sty
Package: bibentry 2007/10/30 1.5 (PWD)
)
No file 02_exploratory_data_analysis.bbl.
\c@@tufte@num@bibkeys=\count319
(c:/Users/brdia/AppData/Roaming/TinyTeX/texmf-dist/tex/latex/sauerj/optparams.sty
Package: optparams 2004/08/14 v0.9 multiple optional parameters in macros
)
\@tufte@sidenote@vertical@offset=\skip80
(c:/Users/brdia/AppData/Roaming/TinyTeX/texmf-dist/tex/latex/placeins/placeins.sty
Package: placeins 2005/04/18  v 2.2
)
\@tufte@margin@floatbox=\box59
\@tufte@figure@box=\box60
\@tufte@caption@box=\box61
\@tufte@caption@vertical@offset=\skip81
\@tufte@float@contents@width=\skip82
(c:/Users/brdia/AppData/Roaming/TinyTeX/texmf-dist/tex/latex/fancyhdr/fancyhdr.sty
Package: fancyhdr 2025/02/07 v5.2 Extensive control of page headers and footers
\f@nch@headwidth=\skip83
\f@nch@offset@elh=\skip84
\f@nch@offset@erh=\skip85
\f@nch@offset@olh=\skip86
\f@nch@offset@orh=\skip87
\f@nch@offset@elf=\skip88
\f@nch@offset@erf=\skip89
\f@nch@offset@olf=\skip90
\f@nch@offset@orf=\skip91
\f@nch@height=\skip92
\f@nch@footalignment=\skip93
\f@nch@widthL=\skip94
\f@nch@widthC=\skip95
\f@nch@widthR=\skip96
\@temptokenb=\toks24
)
\tufteskipamount=\skip97
(c:/Users/brdia/AppData/Roaming/TinyTeX/texmf-dist/tex/latex/tools/multicol.sty
Package: multicol 2025/05/25 v2.0a multicolumn formatting (FMi)
\c@tracingmulticols=\count320
\mult@box=\box62
\multicol@leftmargin=\dimen175
\c@unbalance=\count321
\c@collectmore=\count322
\doublecol@number=\count323
\multicoltolerance=\count324
\multicolpretolerance=\count325
\full@width=\dimen176
\page@free=\dimen177
\premulticols=\dimen178
\postmulticols=\dimen179
\multicolsep=\skip98
\multicolbaselineskip=\skip99
\partial@page=\box63
\last@line=\box64
\mc@boxedresult=\box65
\maxbalancingoverflow=\dimen180
\mult@rightbox=\box66
\mult@grightbox=\box67
\mult@firstbox=\box68
\mult@gfirstbox=\box69
\@tempa=\box70
\@tempa=\box71
\@tempa=\box72
\@tempa=\box73
\@tempa=\box74
\@tempa=\box75
\@tempa=\box76
\@tempa=\box77
\@tempa=\box78
\@tempa=\box79
\@tempa=\box80
\@tempa=\box81
\@tempa=\box82
\@tempa=\box83
\@tempa=\box84
\@tempa=\box85
\@tempa=\box86
\@tempa=\box87
\@tempa=\box88
\@tempa=\box89
\@tempa=\box90
\@tempa=\box91
\@tempa=\box92
\@tempa=\box93
\@tempa=\box94
\@tempa=\box95
\@tempa=\box96
\@tempa=\box97
\@tempa=\box98
\@tempa=\box99
\@tempa=\box100
\@tempa=\box101
\@tempa=\box102
\@tempa=\box103
\@tempa=\box104
\@tempa=\box105
\c@minrows=\count326
\c@columnbadness=\count327
\c@finalcolumnbadness=\count328
\last@try=\dimen181
\multicolovershoot=\dimen182
\multicolundershoot=\dimen183
\mult@nat@firstbox=\box106
\colbreak@box=\box107
\mc@col@check@num=\count329
\g__mc_curr_col_int=\count330
))) (c:/Users/brdia/AppData/Roaming/TinyTeX/texmf-dist/tex/latex/amsfonts/amssymb.sty
Package: amssymb 2013/01/14 v3.01 AMS font symbols
(c:/Users/brdia/AppData/Roaming/TinyTeX/texmf-dist/tex/latex/amsfonts/amsfonts.sty
Package: amsfonts 2013/01/14 v3.01 Basic AMSFonts support
\@emptytoks=\toks25
\symAMSa=\mathgroup4
\symAMSb=\mathgroup5
LaTeX Font Info:    Redeclaring math symbol \hbar on input line 98.
LaTeX Font Info:    Overwriting math alphabet `\mathfrak' in version `bold'
(Font)                  U/euf/m/n --> U/euf/b/n on input line 106.
)) (c:/Users/brdia/AppData/Roaming/TinyTeX/texmf-dist/tex/latex/amsmath/amsmath.sty
Package: amsmath 2025/06/16 v2.17y AMS math features
\@mathmargin=\skip100
For additional information on amsmath, use the `?' option.
(c:/Users/brdia/AppData/Roaming/TinyTeX/texmf-dist/tex/latex/amsmath/amstext.sty
Package: amstext 2024/11/17 v2.01 AMS text
(c:/Users/brdia/AppData/Roaming/TinyTeX/texmf-dist/tex/latex/amsmath/amsgen.sty
File: amsgen.sty 1999/11/30 v2.0 generic functions
\@emptytoks=\toks26
\ex@=\dimen184
)) (c:/Users/brdia/AppData/Roaming/TinyTeX/texmf-dist/tex/latex/amsmath/amsbsy.sty
Package: amsbsy 1999/11/29 v1.2d Bold Symbols
\pmbraise@=\dimen185
) (c:/Users/brdia/AppData/Roaming/TinyTeX/texmf-dist/tex/latex/amsmath/amsopn.sty
Package: amsopn 2022/04/08 v2.04 operator names
)
\inf@bad=\count331
LaTeX Info: Redefining \frac on input line 233.
\uproot@=\count332
\leftroot@=\count333
LaTeX Info: Redefining \overline on input line 398.
LaTeX Info: Redefining \colon on input line 409.
\classnum@=\count334
\DOTSCASE@=\count335
LaTeX Info: Redefining \ldots on input line 495.
LaTeX Info: Redefining \dots on input line 498.
LaTeX Info: Redefining \cdots on input line 619.
\Mathstrutbox@=\box108
\strutbox@=\box109
LaTeX Info: Redefining \big on input line 721.
LaTeX Info: Redefining \Big on input line 722.
LaTeX Info: Redefining \bigg on input line 723.
LaTeX Info: Redefining \Bigg on input line 724.
\big@size=\dimen186
LaTeX Font Info:    Redeclaring font encoding OML on input line 742.
LaTeX Font Info:    Redeclaring font encoding OMS on input line 743.
\macc@depth=\count336
LaTeX Info: Redefining \bmod on input line 904.
LaTeX Info: Redefining \pmod on input line 909.
LaTeX Info: Redefining \smash on input line 939.
LaTeX Info: Redefining \relbar on input line 969.
LaTeX Info: Redefining \Relbar on input line 970.
\c@MaxMatrixCols=\count337
\dotsspace@=\muskip18
\c@parentequation=\count338
\dspbrk@lvl=\count339
\tag@help=\toks27
\row@=\count340
\column@=\count341
\maxfields@=\count342
\andhelp@=\toks28
\eqnshift@=\dimen187
\alignsep@=\dimen188
\tagshift@=\dimen189
\tagwidth@=\dimen190
\totwidth@=\dimen191
\lineht@=\dimen192
\@envbody=\toks29
\multlinegap=\skip101
\multlinetaggap=\skip102
\mathdisplay@stack=\toks30
LaTeX Info: Redefining \[ on input line 2949.
LaTeX Info: Redefining \] on input line 2950.
) (c:/Users/brdia/AppData/Roaming/TinyTeX/texmf-dist/tex/latex/base/fixltx2e.sty
Package: fixltx2e 2016/12/29 v2.1a fixes to LaTeX (obsolete)
Applying: [2015/01/01] Old fixltx2e package on input line 46.

Package fixltx2e Warning: fixltx2e is not required with releases after 2015
(fixltx2e)                All fixes are now in the LaTeX kernel.
(fixltx2e)                See the latexrelease package for details.

Already applied: [0000/00/00] Old fixltx2e package on input line 53.
) (c:/Users/brdia/AppData/Roaming/TinyTeX/texmf-dist/tex/latex/booktabs/booktabs.sty
Package: booktabs 2020/01/12 v1.61803398 Publication quality tables
\heavyrulewidth=\dimen193
\lightrulewidth=\dimen194
\cmidrulewidth=\dimen195
\belowrulesep=\dimen196
\belowbottomsep=\dimen197
\aboverulesep=\dimen198
\abovetopsep=\dimen199
\cmidrulesep=\dimen256
\cmidrulekern=\dimen257
\defaultaddspace=\dimen258
\@cmidla=\count343
\@cmidlb=\count344
\@aboverulesep=\dimen259
\@belowrulesep=\dimen260
\@thisruleclass=\count345
\@lastruleclass=\count346
\@thisrulewidth=\dimen261
) (c:/Users/brdia/AppData/Roaming/TinyTeX/texmf-dist/tex/latex/units/units.sty
Package: units 1998/08/04 v0.9b Typesetting units
(c:/Users/brdia/AppData/Roaming/TinyTeX/texmf-dist/tex/latex/units/nicefrac.sty
Package: nicefrac 1998/08/04 v0.9b Nice fractions
\L@UnitsRaiseDisplaystyle=\skip103
\L@UnitsRaiseTextstyle=\skip104
\L@UnitsRaiseScriptstyle=\skip105
)) (c:/Users/brdia/AppData/Roaming/TinyTeX/texmf-dist/tex/latex/fancyvrb/fancyvrb.sty
Package: fancyvrb 2024/01/20 4.5c verbatim text (tvz,hv)
\FV@CodeLineNo=\count347
\FV@InFile=\read2
\FV@TabBox=\box110
\c@FancyVerbLine=\count348
\FV@StepNumber=\count349
\FV@OutFile=\write3
) (c:/Users/brdia/AppData/Roaming/TinyTeX/texmf-dist/tex/latex/tools/longtable.sty
Package: longtable 2024-12-18 v4.23 Multi-page Table package (DPC)
\LTleft=\skip106
\LTright=\skip107
\LTpre=\skip108
\LTpost=\skip109
\LTchunksize=\count350
\LTcapwidth=\dimen262
\LT@head=\box111
\LT@firsthead=\box112
\LT@foot=\box113
\LT@lastfoot=\box114
\LT@gbox=\box115
\LT@cols=\count351
\LT@rows=\count352
\c@LT@tables=\count353
\c@LT@chunks=\count354
\LT@p@ftn=\toks31
) (c:/Users/brdia/AppData/Roaming/TinyTeX/texmf-dist/tex/latex/tools/array.sty
Package: array 2025/06/08 v2.6j Tabular extension package (FMi)
\col@sep=\dimen263
\ar@mcellbox=\box116
\extrarowheight=\dimen264
\NC@list=\toks32
\extratabsurround=\skip110
\backup@length=\skip111
\ar@cellbox=\box117
) (c:/Users/brdia/AppData/Roaming/TinyTeX/texmf-dist/tex/latex/mdwtools/footnote.sty
Package: footnote 1997/01/28 1.13 Save footnotes around boxes
\fn@notes=\box118
\fn@width=\dimen265
) (c:/Users/brdia/AppData/Roaming/TinyTeX/texmf-dist/tex/generic/ulem/ulem.sty
\UL@box=\box119
\UL@hyphenbox=\box120
\UL@skip=\skip112
\UL@hook=\toks33
\UL@height=\dimen266
\UL@pe=\count355
\UL@pixel=\dimen267
\ULC@box=\box121
Package: ulem 2019/11/18
\ULdepth=\dimen268
) (c:/Users/brdia/AppData/Roaming/TinyTeX/texmf-dist/tex/latex/morefloats/morefloats.sty
Package: morefloats 2025/01/28 v1.1a Raise limit of unprocessed floats (HMM)
Package morefloats Info: Maximum number of possible floats asked for: 36
(morefloats)             (i.e. 18 more floats).
(morefloats)             LaTeX might run out of memory before this
(morefloats)             (in which case it will notify you).
) (./02_exploratory_data_analysis.aux)
\openout1 = `02_exploratory_data_analysis.aux'.

LaTeX Font Info:    Checking defaults for OML/cmm/m/it on input line 121.
LaTeX Font Info:    ... okay on input line 121.
LaTeX Font Info:    Checking defaults for OMS/cmsy/m/n on input line 121.
LaTeX Font Info:    ... okay on input line 121.
LaTeX Font Info:    Checking defaults for OT1/cmr/m/n on input line 121.
LaTeX Font Info:    ... okay on input line 121.
LaTeX Font Info:    Checking defaults for T1/cmr/m/n on input line 121.
LaTeX Font Info:    ... okay on input line 121.
LaTeX Font Info:    Checking defaults for TS1/cmr/m/n on input line 121.
LaTeX Font Info:    ... okay on input line 121.
LaTeX Font Info:    Checking defaults for TU/lmr/m/n on input line 121.
LaTeX Font Info:    ... okay on input line 121.
LaTeX Font Info:    Checking defaults for OMX/cmex/m/n on input line 121.
LaTeX Font Info:    ... okay on input line 121.
LaTeX Font Info:    Checking defaults for U/cmr/m/n on input line 121.
LaTeX Font Info:    ... okay on input line 121.
LaTeX Font Info:    Checking defaults for PD1/pdf/m/n on input line 121.
LaTeX Font Info:    ... okay on input line 121.
LaTeX Font Info:    Checking defaults for PU/pdf/m/n on input line 121.
LaTeX Font Info:    ... okay on input line 121.

Package fontspec Info: 
(fontspec)             Adjusting the maths setup (use [no-math] to avoid
(fontspec)             this).

\symlegacymaths=\mathgroup6
LaTeX Font Info:    Overwriting symbol font `legacymaths' in version `bold'
(Font)                  OT1/cmr/m/n --> OT1/cmr/bx/n on input line 121.
LaTeX Font Info:    Redeclaring math accent \acute on input line 121.
LaTeX Font Info:    Redeclaring math accent \grave on input line 121.
LaTeX Font Info:    Redeclaring math accent \ddot on input line 121.
LaTeX Font Info:    Redeclaring math accent \tilde on input line 121.
LaTeX Font Info:    Redeclaring math accent \bar on input line 121.
LaTeX Font Info:    Redeclaring math accent \breve on input line 121.
LaTeX Font Info:    Redeclaring math accent \check on input line 121.
LaTeX Font Info:    Redeclaring math accent \hat on input line 121.
LaTeX Font Info:    Redeclaring math accent \dot on input line 121.
LaTeX Font Info:    Redeclaring math accent \mathring on input line 121.
LaTeX Font Info:    Redeclaring math symbol \Gamma on input line 121.
LaTeX Font Info:    Redeclaring math symbol \Delta on input line 121.
LaTeX Font Info:    Redeclaring math symbol \Theta on input line 121.
LaTeX Font Info:    Redeclaring math symbol \Lambda on input line 121.
LaTeX Font Info:    Redeclaring math symbol \Xi on input line 121.
LaTeX Font Info:    Redeclaring math symbol \Pi on input line 121.
LaTeX Font Info:    Redeclaring math symbol \Sigma on input line 121.
LaTeX Font Info:    Redeclaring math symbol \Upsilon on input line 121.
LaTeX Font Info:    Redeclaring math symbol \Phi on input line 121.
LaTeX Font Info:    Redeclaring math symbol \Psi on input line 121.
LaTeX Font Info:    Redeclaring math symbol \Omega on input line 121.
LaTeX Font Info:    Redeclaring math symbol \mathdollar on input line 121.
LaTeX Font Info:    Redeclaring symbol font `operators' on input line 121.
LaTeX Font Info:    Encoding `OT1' has changed to `TU' for symbol font
(Font)              `operators' in the math version `normal' on input line 121.
LaTeX Font Info:    Overwriting symbol font `operators' in version `normal'
(Font)                  OT1/cmr/m/n --> TU/lmr/m/n on input line 121.
LaTeX Font Info:    Encoding `OT1' has changed to `TU' for symbol font
(Font)              `operators' in the math version `bold' on input line 121.
LaTeX Font Info:    Overwriting symbol font `operators' in version `bold'
(Font)                  OT1/cmr/bx/n --> TU/lmr/m/n on input line 121.
LaTeX Font Info:    Overwriting symbol font `operators' in version `normal'
(Font)                  TU/lmr/m/n --> TU/lmr/m/n on input line 121.
LaTeX Font Info:    Overwriting math alphabet `\mathit' in version `normal'
(Font)                  OT1/cmr/m/it --> TU/lmr/m/it on input line 121.
LaTeX Font Info:    Overwriting math alphabet `\mathbf' in version `normal'
(Font)                  OT1/cmr/bx/n --> TU/lmr/b/n on input line 121.
LaTeX Font Info:    Overwriting math alphabet `\mathsf' in version `normal'
(Font)                  OT1/cmss/m/n --> TU/lmss/m/n on input line 121.
LaTeX Font Info:    Overwriting math alphabet `\mathtt' in version `normal'
(Font)                  OT1/cmtt/m/n --> TU/lmtt/m/n on input line 121.
LaTeX Font Info:    Overwriting symbol font `operators' in version `bold'
(Font)                  TU/lmr/m/n --> TU/lmr/b/n on input line 121.
LaTeX Font Info:    Overwriting math alphabet `\mathit' in version `bold'
(Font)                  OT1/cmr/bx/it --> TU/lmr/b/it on input line 121.
LaTeX Font Info:    Overwriting math alphabet `\mathsf' in version `bold'
(Font)                  OT1/cmss/bx/n --> TU/lmss/b/n on input line 121.
LaTeX Font Info:    Overwriting math alphabet `\mathtt' in version `bold'
(Font)                  OT1/cmtt/m/n --> TU/lmtt/b/n on input line 121.
Package hyperref Info: Link coloring OFF on input line 121.
(./02_exploratory_data_analysis.out) (./02_exploratory_data_analysis.out)
\@outlinefile=\write4
\openout4 = `02_exploratory_data_analysis.out'.

*geometry* driver: auto-detecting
*geometry* detected driver: xetex
*geometry* verbose mode - [ preamble ] result:
* driver: xetex
* paper: letterpaper
* layout: <same size as paper>
* layoutoffset:(h,v)=(0.0pt,0.0pt)
* modes: twoside asymmetric 
* h-part:(L,W,R)=(72.26999pt, 312.0pt, 230.02501pt)
* v-part:(T,H,B)=(72.26999pt, 616.0pt, 106.7pt)
* \paperwidth=614.295pt
* \paperheight=794.96999pt
* \textwidth=312.0pt
* \textheight=616.0pt
* \oddsidemargin=0.0pt
* \evensidemargin=0.0pt
* \topmargin=-42.0pt
* \headheight=14.0pt
* \headsep=28.0pt
* \topskip=10.0pt
* \footskip=30.0pt
* \marginparwidth=144.0pt
* \marginparsep=24.0pt
* \columnsep=10.0pt
* \skip\footins=9.0pt plus 4.0pt minus 2.0pt
* \hoffset=0.0pt
* \voffset=0.0pt
* \mag=1000
* \@twocolumnfalse
* \@twosidetrue
* \@mparswitchfalse
* \@reversemarginfalse
* (1in=72.27pt=25.4mm, 1cm=28.453pt)

\langwohyphens=\language3
LaTeX Font Info:    Trying to load font information for U+msa on input line 144.
(c:/Users/brdia/AppData/Roaming/TinyTeX/texmf-dist/tex/latex/amsfonts/umsa.fd
File: umsa.fd 2013/01/14 v3.01 AMS symbols A
)
LaTeX Font Info:    Trying to load font information for U+msb on input line 144.
(c:/Users/brdia/AppData/Roaming/TinyTeX/texmf-dist/tex/latex/amsfonts/umsb.fd
File: umsb.fd 2013/01/14 v3.01 AMS symbols B
)

LaTeX Warning: Marginpar on page 1 moved.



[1

]

LaTeX Warning: Marginpar on page 2 moved.


LaTeX Warning: Marginpar on page 2 moved.


LaTeX Warning: Marginpar on page 2 moved.


LaTeX Warning: Marginpar on page 2 moved.


Overfull \hbox (1.52023pt too wide) in paragraph at lines 255--255
[]|\TU/lmr/m/n/10 CF_PnCF_NumEarners|  
 []


Class tufte-handout Warning: Proper spacing of small-caps letters has not been set up.
This message occurred on input line 266.

[2]

LaTeX Warning: Marginpar on page 3 moved.


Overfull \hbox (37.75002pt too wide) in paragraph at lines 275--283
[]\TU/lmr/m/n/10 The next chunk assigns the file address of the survey to the \TU/lmtt/m/n/10 census_address 
 []

Missing character: There is no ⚠ (U+26A0) in font [lmroman10-regular]:mapping=tex-text;!
Missing character: There is no ️ (U+FE0F) in font [lmroman10-regular]:mapping=tex-text;!



Class tufte-handout Warning: Proper spacing of small-caps letters has not been set up.
This message occurred on input line 327.

[3]

LaTeX Warning: Marginpar on page 4 moved.


Overfull \hbox (18.75pt too wide) in paragraph at lines 385--385
[]\TU/lmtt/m/n/10 ##     Frame_ID          PRCDDA               Pr            CMA[] 
 []


Overfull \hbox (50.25pt too wide) in paragraph at lines 385--385
[]\TU/lmtt/m/n/10 ##  Min.   :     1   Min.   :10010165   Min.   :10.00   Length:200000[] 
 []


Overfull \hbox (66.0pt too wide) in paragraph at lines 385--385
[]\TU/lmtt/m/n/10 ##  1st Qu.: 50001   1st Qu.:35061322   1st Qu.:35.00   Class :character[] 
 []


Overfull \hbox (66.0pt too wide) in paragraph at lines 385--385
[]\TU/lmtt/m/n/10 ##  Median :100001   Median :35204479   Median :35.00   Mode  :character[] 
 []


Overfull \hbox (18.75pt too wide) in paragraph at lines 385--385
[]\TU/lmtt/m/n/10 ##       PCD           CompW1         LBR_FORC         CfInc_AT[] 
 []


Overfull \hbox (34.5pt too wide) in paragraph at lines 385--385
[]\TU/lmtt/m/n/10 ##  Min.   :1001   Min.   :  1.0   Min.   :-3.000   Min.   :   282[] 
 []


Overfull \hbox (34.5pt too wide) in paragraph at lines 385--385
[]\TU/lmtt/m/n/10 ##  1st Qu.:3506   1st Qu.:136.0   1st Qu.: 1.000   1st Qu.: 35665[] 
 []


Overfull \hbox (34.5pt too wide) in paragraph at lines 385--385
[]\TU/lmtt/m/n/10 ##  Median :3520   Median :271.0   Median : 1.000   Median : 59022[] 
 []


Overfull \hbox (34.5pt too wide) in paragraph at lines 385--385
[]\TU/lmtt/m/n/10 ##  Mean   :3727   Mean   :270.6   Mean   : 1.152   Mean   : 64667[] 
 []


Overfull \hbox (34.5pt too wide) in paragraph at lines 385--385
[]\TU/lmtt/m/n/10 ##  3rd Qu.:4715   3rd Qu.:406.0   3rd Qu.: 2.000   3rd Qu.: 87924[] 
 []


Overfull \hbox (34.5pt too wide) in paragraph at lines 385--385
[]\TU/lmtt/m/n/10 ##  Max.   :6208   Max.   :540.0   Max.   : 3.000   Max.   :246147[] 
 []


Overfull \hbox (39.75pt too wide) in paragraph at lines 385--385
[]\TU/lmtt/m/n/10 ##      CFCNT       CF_PnCF_NumEarners      PWDA               PWPR[] 
 []


Overfull \hbox (60.75pt too wide) in paragraph at lines 385--385
[]\TU/lmtt/m/n/10 ##  Min.   :3.000   Min.   :1.0        Min.   :      -3   Min.   :-3.00[] 
 []


Overfull \hbox (60.75pt too wide) in paragraph at lines 385--385
[]\TU/lmtt/m/n/10 ##  1st Qu.:3.000   1st Qu.:2.0        1st Qu.:      -3   1st Qu.:-3.00[] 
 []


Overfull \hbox (60.75pt too wide) in paragraph at lines 385--385
[]\TU/lmtt/m/n/10 ##  Median :4.000   Median :2.0        Median :24940381   Median :24.00[] 
 []


Overfull \hbox (60.75pt too wide) in paragraph at lines 385--385
[]\TU/lmtt/m/n/10 ##  Mean   :4.001   Mean   :2.5        Mean   :24202796   Mean   :22.98[] 
 []


Overfull \hbox (60.75pt too wide) in paragraph at lines 385--385
[]\TU/lmtt/m/n/10 ##  3rd Qu.:5.000   3rd Qu.:3.0        3rd Qu.:35370624   3rd Qu.:35.00[] 
 []


Overfull \hbox (60.75pt too wide) in paragraph at lines 385--385
[]\TU/lmtt/m/n/10 ##  Max.   :5.000   Max.   :4.0        Max.   :62080015   Max.   :62.00[] 
 []


Overfull \hbox (29.25pt too wide) in paragraph at lines 385--385
[]\TU/lmtt/m/n/10 ##       PWCD         PWCMA               PWDUR            PWDist[] 
 []


Overfull \hbox (45.0pt too wide) in paragraph at lines 385--385
[]\TU/lmtt/m/n/10 ##  Min.   :  -3   Length:200000      Min.   : -3.00   Min.   :   -3[] 
 []


Overfull \hbox (45.0pt too wide) in paragraph at lines 385--385
[]\TU/lmtt/m/n/10 ##  1st Qu.:  -3   Class :character   1st Qu.: -3.00   1st Qu.:   -3[] 
 []


Overfull \hbox (45.0pt too wide) in paragraph at lines 385--385
[]\TU/lmtt/m/n/10 ##  Median :2494   Mode  :character   Median : 61.00   Median :23132[] 
 []


Overfull \hbox (45.0pt too wide) in paragraph at lines 385--385
[]\TU/lmtt/m/n/10 ##  Mean   :2419                      Mean   : 57.88   Mean   :21311[] 
 []


Overfull \hbox (45.0pt too wide) in paragraph at lines 385--385
[]\TU/lmtt/m/n/10 ##  3rd Qu.:3537                      3rd Qu.:102.00   3rd Qu.:38796[] 
 []


Overfull \hbox (45.0pt too wide) in paragraph at lines 385--385
[]\TU/lmtt/m/n/10 ##  Max.   :6208                      Max.   :178.00   Max.   :50000[] 
 []




Class tufte-handout Warning: Proper spacing of small-caps letters has not been set up.
This message occurred on input line 385.

[4]


Class tufte-handout Warning: Proper spacing of small-caps letters has not been set up.
This message occurred on input line 444.

[5]
Overfull \hbox (92.25pt too wide) in paragraph at lines 472--472
[]\TU/lmtt/m/n/10 ##           Bike           Walk      Car/motor        Transit Not applicable[] 
 []


Overfull \hbox (92.25pt too wide) in paragraph at lines 472--472
[]\TU/lmtt/m/n/10 ##           2673           2712          61389          60304          70140[] 
 []




Class tufte-handout Warning: Proper spacing of small-caps letters has not been set up.
This message occurred on input line 516.

[6]
Overfull \hbox (18.75pt too wide) in paragraph at lines 600--600
[]\TU/lmtt/m/n/10 ##     Frame_ID          PRCDDA               Pr            CMA[] 
 []


Overfull \hbox (50.25pt too wide) in paragraph at lines 600--600
[]\TU/lmtt/m/n/10 ##  Min.   :     1   Min.   :10010165   Min.   :10.00   Length:197218[] 
 []


Overfull \hbox (66.0pt too wide) in paragraph at lines 600--600
[]\TU/lmtt/m/n/10 ##  1st Qu.: 50015   1st Qu.:35061323   1st Qu.:35.00   Class :character[] 
 []


Overfull \hbox (66.0pt too wide) in paragraph at lines 600--600
[]\TU/lmtt/m/n/10 ##  Median :100002   Median :35204479   Median :35.00   Mode  :character[] 
 []


Overfull \hbox (18.75pt too wide) in paragraph at lines 600--600
[]\TU/lmtt/m/n/10 ##       PCD           CompW1         LBR_FORC         CfInc_AT[] 
 []


Overfull \hbox (34.5pt too wide) in paragraph at lines 600--600
[]\TU/lmtt/m/n/10 ##  Min.   :1001   Min.   :  1.0   Min.   :-3.000   Min.   :   282[] 
 []


Overfull \hbox (34.5pt too wide) in paragraph at lines 600--600
[]\TU/lmtt/m/n/10 ##  1st Qu.:3506   1st Qu.:136.0   1st Qu.: 1.000   1st Qu.: 35674[] 
 []


Overfull \hbox (34.5pt too wide) in paragraph at lines 600--600
[]\TU/lmtt/m/n/10 ##  Median :3520   Median :271.0   Median : 1.000   Median : 59040[] 
 []


Overfull \hbox (34.5pt too wide) in paragraph at lines 600--600
[]\TU/lmtt/m/n/10 ##  Mean   :3727   Mean   :270.7   Mean   : 1.154   Mean   : 64688[] 
 []


Overfull \hbox (34.5pt too wide) in paragraph at lines 600--600
[]\TU/lmtt/m/n/10 ##  3rd Qu.:4715   3rd Qu.:406.0   3rd Qu.: 2.000   3rd Qu.: 87940[] 
 []


Overfull \hbox (34.5pt too wide) in paragraph at lines 600--600
[]\TU/lmtt/m/n/10 ##  Max.   :6208   Max.   :540.0   Max.   : 3.000   Max.   :246147[] 
 []


Overfull \hbox (34.5pt too wide) in paragraph at lines 600--600
[]\TU/lmtt/m/n/10 ##      CFCNT       CF_PnCF_NumEarners     PWDA               PWPR[] 
 []


Overfull \hbox (60.75pt too wide) in paragraph at lines 600--600
[]\TU/lmtt/m/n/10 ##  Min.   :3.000   Min.   :1.0        Length:197218      Length:197218[] 
 []


Overfull \hbox (76.5pt too wide) in paragraph at lines 600--600
[]\TU/lmtt/m/n/10 ##  1st Qu.:3.000   1st Qu.:2.0        Class :character   Class :character[] 
 []




Class tufte-handout Warning: Proper spacing of small-caps letters has not been set up.
This message occurred on input line 600.

[7]
Overfull \hbox (76.5pt too wide) in paragraph at lines 600--600
[]\TU/lmtt/m/n/10 ##  Median :4.000   Median :2.0        Mode  :character   Mode  :character[] 
 []


Overfull \hbox (50.25pt too wide) in paragraph at lines 600--600
[]\TU/lmtt/m/n/10 ##      PWCD              PWCMA               PWDUR            PWDist[] 
 []


Overfull \hbox (66.0pt too wide) in paragraph at lines 600--600
[]\TU/lmtt/m/n/10 ##  Length:197218      Length:197218      Min.   : -3.00   Min.   :   -3[] 
 []


Overfull \hbox (66.0pt too wide) in paragraph at lines 600--600
[]\TU/lmtt/m/n/10 ##  Class :character   Class :character   1st Qu.: -3.00   1st Qu.:   -3[] 
 []


Overfull \hbox (66.0pt too wide) in paragraph at lines 600--600
[]\TU/lmtt/m/n/10 ##  Mode  :character   Mode  :character   Median : 63.00   Median :22573[] 
 []


Overfull \hbox (66.0pt too wide) in paragraph at lines 600--600
[]\TU/lmtt/m/n/10 ##                                        Mean   : 58.36   Mean   :21074[] 
 []


Overfull \hbox (66.0pt too wide) in paragraph at lines 600--600
[]\TU/lmtt/m/n/10 ##                                        3rd Qu.:103.00   3rd Qu.:38621[] 
 []


Overfull \hbox (66.0pt too wide) in paragraph at lines 600--600
[]\TU/lmtt/m/n/10 ##                                        Max.   :178.00   Max.   :50000[] 
 []


Overfull \hbox (34.5pt too wide) in paragraph at lines 600--600
[]\TU/lmtt/m/n/10 ##      PwMode                PwMode_label          LBR_FORC_label[] 
 []


Overfull \hbox (34.5pt too wide) in paragraph at lines 600--600
[]\TU/lmtt/m/n/10 ##  Min.   :-3.0000   Bike          : 2673   Employed      :127078[] 
 []


Overfull \hbox (34.5pt too wide) in paragraph at lines 600--600
[]\TU/lmtt/m/n/10 ##  1st Qu.:-3.0000   Walk          : 2712   Unemployed    : 50037[] 
 []


Overfull \hbox (34.5pt too wide) in paragraph at lines 600--600
[]\TU/lmtt/m/n/10 ##  Median : 1.0000   Car/motor     :61389   Not in LF     : 10121[] 
 []


Overfull \hbox (34.5pt too wide) in paragraph at lines 600--600
[]\TU/lmtt/m/n/10 ##  Mean   : 0.9449   Transit       :60304   Not applicable:  9982[] 
 []




Class tufte-handout Warning: Proper spacing of small-caps letters has not been set up.
This message occurred on input line 625.

[8]

Class tufte-handout Warning: Proper spacing of small-caps letters has not been set up.
This message occurred on input line 677.

[9]


Class tufte-handout Warning: Proper spacing of small-caps letters has not been set up.
This message occurred on input line 751.

[10]


Class tufte-handout Warning: Proper spacing of small-caps letters has not been set up.
This message occurred on input line 824.

[11]


Class tufte-handout Warning: Proper spacing of small-caps letters has not been set up.
This message occurred on input line 882.

[12]


Class tufte-handout Warning: Proper spacing of small-caps letters has not been set up.
This message occurred on input line 954.

[13]


Class tufte-handout Warning: Proper spacing of small-caps letters has not been set up.
This message occurred on input line 1014.

[14]


Class tufte-handout Warning: Proper spacing of small-caps letters has not been set up.
This message occurred on input line 1099.

[15]
Overfull \hbox (24.0pt too wide) in paragraph at lines 1149--1149
[]\TU/lmtt/m/n/10 ##   Pr_label   Bike   Walk `Car/motor` Transit `Not applicable`[] 
 []


Overfull \hbox (24.0pt too wide) in paragraph at lines 1149--1149
[]\TU/lmtt/m/n/10 ##   <fct>     <dbl>  <dbl>       <dbl>   <dbl>            <dbl>[] 
 []


Overfull \hbox (24.0pt too wide) in paragraph at lines 1149--1149
[]\TU/lmtt/m/n/10 ## 1 Ontario  199208 202961     3905538 3823275          4458300[] 
 []




Class tufte-handout Warning: Proper spacing of small-caps letters has not been set up.
This message occurred on input line 1157.

[16]
Overfull \hbox (97.5pt too wide) in paragraph at lines 1177--1177
[]\TU/lmtt/m/n/10 ##  Pr_label           Bike           Walk         Car/motor           Transit[] 
 []


Overfull \hbox (97.5pt too wide) in paragraph at lines 1177--1177
[]\TU/lmtt/m/n/10 ##   Ontario 1.6% (199,208) 1.6% (202,961) 31.0% (3,905,538) 30.4% (3,823,275)[] 
 []


Overfull \hbox (97.5pt too wide) in paragraph at lines 1177--1177
[]\TU/lmtt/m/n/10 ##     Total 1.6% (199,208) 1.6% (202,961) 31.0% (3,905,538) 30.4% (3,823,275)[] 
 []




Class tufte-handout Warning: Proper spacing of small-caps letters has not been set up.
This message occurred on input line 1221.

[17]


Class tufte-handout Warning: Proper spacing of small-caps letters has not been set up.
This message occurred on input line 1278.

[18]
File: 02_exploratory_data_analysis_files/figure-latex/unnamed-chunk-31-1.pdf Graphic file (type pdf)
<use 02_exploratory_data_analysis_files/figure-latex/unnamed-chunk-31-1.pdf>

Overfull \hbox (12.02501pt too wide) in paragraph at lines 1312--1313
[][]  
 []




Class tufte-handout Warning: Proper spacing of small-caps letters has not been set up.
This message occurred on input line 1319.

[19]
File: 02_exploratory_data_analysis_files/figure-latex/unnamed-chunk-32-1.pdf Graphic file (type pdf)
<use 02_exploratory_data_analysis_files/figure-latex/unnamed-chunk-32-1.pdf>

Overfull \hbox (12.00371pt too wide) in paragraph at lines 1328--1329
[][]  
 []

File: 02_exploratory_data_analysis_files/figure-latex/unnamed-chunk-33-1.pdf Graphic file (type pdf)
<use 02_exploratory_data_analysis_files/figure-latex/unnamed-chunk-33-1.pdf>

Overfull \hbox (12.00371pt too wide) in paragraph at lines 1340--1341
[][]  
 []




Class tufte-handout Warning: Proper spacing of small-caps letters has not been set up.
This message occurred on input line 1350.

[20]
File: 02_exploratory_data_analysis_files/figure-latex/unnamed-chunk-34-1.pdf Graphic file (type pdf)
<use 02_exploratory_data_analysis_files/figure-latex/unnamed-chunk-34-1.pdf>

Overfull \hbox (12.01027pt too wide) in paragraph at lines 1353--1354
[][]  
 []

File: 02_exploratory_data_analysis_files/figure-latex/unnamed-chunk-35-1.pdf Graphic file (type pdf)
<use 02_exploratory_data_analysis_files/figure-latex/unnamed-chunk-35-1.pdf>

Overfull \hbox (12.03053pt too wide) in paragraph at lines 1372--1373
[][]  
 []




Class tufte-handout Warning: Proper spacing of small-caps letters has not been set up.
This message occurred on input line 1378.

[21]
Overfull \hbox (4.22pt too wide) in paragraph at lines 1379--1384
[]\TU/lmr/m/n/10 For categorical variables, a bar chart, implemented with \TU/lmtt/m/n/10 geom_bar()\TU/lmr/m/n/10 , 
 []

File: 02_exploratory_data_analysis_files/figure-latex/unnamed-chunk-36-1.pdf Graphic file (type pdf)
<use 02_exploratory_data_analysis_files/figure-latex/unnamed-chunk-36-1.pdf>

Overfull \hbox (12.00371pt too wide) in paragraph at lines 1393--1394
[][]  
 []

File: 02_exploratory_data_analysis_files/figure-latex/unnamed-chunk-37-1.pdf Graphic file (type pdf)
<use 02_exploratory_data_analysis_files/figure-latex/unnamed-chunk-37-1.pdf>

Overfull \hbox (12.01346pt too wide) in paragraph at lines 1418--1419
[][]  
 []




Class tufte-handout Warning: Proper spacing of small-caps letters has not been set up.
This message occurred on input line 1420.

[22]
File: 02_exploratory_data_analysis_files/figure-latex/unnamed-chunk-38-1.pdf Graphic file (type pdf)
<use 02_exploratory_data_analysis_files/figure-latex/unnamed-chunk-38-1.pdf>

Overfull \hbox (12.02087pt too wide) in paragraph at lines 1435--1436
[][]  
 []




Class tufte-handout Warning: Proper spacing of small-caps letters has not been set up.
This message occurred on input line 1451.

[23]
File: 02_exploratory_data_analysis_files/figure-latex/unnamed-chunk-39-1.pdf Graphic file (type pdf)
<use 02_exploratory_data_analysis_files/figure-latex/unnamed-chunk-39-1.pdf>

Overfull \hbox (12.01027pt too wide) in paragraph at lines 1464--1465
[][]  
 []




Class tufte-handout Warning: Proper spacing of small-caps letters has not been set up.
This message occurred on input line 1490.

[24]
File: 02_exploratory_data_analysis_files/figure-latex/unnamed-chunk-41-1.pdf Graphic file (type pdf)
<use 02_exploratory_data_analysis_files/figure-latex/unnamed-chunk-41-1.pdf>

Overfull \hbox (12.01027pt too wide) in paragraph at lines 1498--1499
[][]  
 []

File: 02_exploratory_data_analysis_files/figure-latex/unnamed-chunk-42-1.pdf Graphic file (type pdf)
<use 02_exploratory_data_analysis_files/figure-latex/unnamed-chunk-42-1.pdf>

Overfull \hbox (12.01027pt too wide) in paragraph at lines 1511--1512
[][]  
 []




Class tufte-handout Warning: Proper spacing of small-caps letters has not been set up.
This message occurred on input line 1519.

[25]
File: 02_exploratory_data_analysis_files/figure-latex/unnamed-chunk-43-1.pdf Graphic file (type pdf)
<use 02_exploratory_data_analysis_files/figure-latex/unnamed-chunk-43-1.pdf>

Overfull \hbox (12.02087pt too wide) in paragraph at lines 1530--1531
[][]  
 []

File: 02_exploratory_data_analysis_files/figure-latex/unnamed-chunk-44-1.pdf Graphic file (type pdf)
<use 02_exploratory_data_analysis_files/figure-latex/unnamed-chunk-44-1.pdf>

Overfull \hbox (12.02087pt too wide) in paragraph at lines 1553--1554
[][]  
 []




Class tufte-handout Warning: Proper spacing of small-caps letters has not been set up.
This message occurred on input line 1555.

[26]
No file 02_exploratory_data_analysis.bbl.



Class tufte-handout Warning: Proper spacing of small-caps letters has not been set up.
This message occurred on input line 1563.

[27] (./02_exploratory_data_analysis.aux)
 ***********
LaTeX2e <2025-06-01> patch level 1
L3 programming layer <2025-06-09>
 ***********
Package rerunfilecheck Info: File `02_exploratory_data_analysis.out' has not changed.
(rerunfilecheck)             Checksum: DDA848CAB820E819DA97646E3C12A069;1532.
 ) 
Here is how much of TeX's memory you used:
 16663 strings out of 470545
 322525 string characters out of 5491702
 789688 words of memory out of 5000000
 44596 multiletter control sequences out of 15000+600000
 632234 words of font info for 80 fonts, out of 8000000 for 9000
 14 hyphenation exceptions out of 8191
 108i,12n,110p,655b,637s stack positions out of 10000i,1000n,20000p,200000b,200000s

Output written on 02_exploratory_data_analysis.pdf (27 pages).
